// Vitest Snapshot v1, https://vitest.dev/guide/snapshot.html

exports[`HomeView > renders properly 1`] = `
"<div>
  <h2>Wordbook</h2><button id="button-resister">登録</button><button id="button-confirm">確認</button>
</div>"
`;
